// Jest Snapshot v1, https://goo.gl/fbAQLP

exports[`Component test snapshot Profile renders correctly 1`] = `
<div
  className="d-flex justify-content-between profile-list "
>
  <div
    className="profile-rocket-container"
  >
    <h2>
      My Rockets
    </h2>
    <ul
      className="profile-rocket-list-conatiner"
    >
      <div
        className="status"
      >
        No Rockets reserved
      </div>
    </ul>
  </div>
  <section>
    <li
      className="list-group-item"
    >
      <h1>
        My Missions
      </h1>
    </li>
    <ul
      className="list-group my-3"
    >
      <li
        className="list-group-item"
      >
        <span>
          No reserved missions.
        </span>
      </li>
    </ul>
  </section>
</div>
`;
